2025-10-05 19:51:29 | INFO     | tournament           | ================================================================================
2025-10-05 19:51:29 | INFO     | tournament           | CASCADE Pattern Tournament Logger Initialized
2025-10-05 19:51:29 | INFO     | tournament           | Log file: logs/tournament_20251005_195129.log
2025-10-05 19:51:29 | INFO     | tournament           | ================================================================================
2025-10-05 19:51:29 | INFO     | tournament           | Starting tournament optimization
2025-10-05 19:51:29 | INFO     | tournament           | Initialized 8 trials
2025-10-05 19:51:29 | INFO     | tournament           | ============================================================
2025-10-05 19:51:29 | INFO     | tournament           | Starting CASCADE Pattern Tournament
2025-10-05 19:51:29 | INFO     | tournament           | Total compute budget: 10,000 iterations
2025-10-05 19:51:29 | INFO     | tournament           | Initial trials: 8
2025-10-05 19:51:29 | INFO     | tournament           | ============================================================
2025-10-05 19:51:32 | INFO     | tournament           | Trial 0: Iteration 1,250 | Best: -19.55 dB | Conv: 0.0678
2025-10-05 19:51:35 | INFO     | tournament           | Trial 1: Iteration 1,250 | Best: -18.48 dB | Conv: 0.0664
2025-10-05 19:51:38 | INFO     | tournament           | Trial 2: Iteration 1,250 | Best: -19.55 dB | Conv: 0.1000
2025-10-05 19:51:40 | INFO     | tournament           | Trial 3: Iteration 1,250 | Best: -18.48 dB | Conv: 0.0571
2025-10-05 19:51:43 | INFO     | tournament           | Trial 4: Iteration 1,250 | Best: -19.55 dB | Conv: 0.1000
2025-10-05 19:51:46 | INFO     | tournament           | Trial 5: Iteration 1,250 | Best: -19.55 dB | Conv: 0.1000
2025-10-05 19:51:49 | INFO     | tournament           | Trial 6: Iteration 1,250 | Best: -18.48 dB | Conv: 0.0757
2025-10-05 19:51:52 | INFO     | tournament           | Trial 7: Iteration 1,250 | Best: -19.55 dB | Conv: 0.1093
2025-10-05 19:51:52 | INFO     | tournament           | 
============================================================
2025-10-05 19:51:52 | INFO     | tournament           | Tournament Complete!
2025-10-05 19:51:52 | INFO     | tournament           | ============================================================
2025-10-05 19:51:52 | INFO     | tournament           | 
🏆 Winner: Trial 0
2025-10-05 19:51:52 | INFO     | tournament           |    Final score: -19.55 dB
2025-10-05 19:51:52 | INFO     | tournament           |    Total iterations: 1,250
2025-10-05 19:51:52 | INFO     | tournament           |    Seed: 1000
2025-10-05 19:51:52 | INFO     | tournament           | 
Report saved to: checkpoints/tournament_report.txt
2025-10-05 19:51:52 | INFO     | tournament           | 
Loaded 128 patterns from best trial
2025-10-05 19:51:52 | INFO     | tournament           | Tournament complete! Generated 128 patterns
2025-10-05 19:51:52 | INFO     | tournament           | Patterns saved to: checkpoints/output/patterns_20251005_195152.bin
